---
source: generated-tests/tests/rust.rs
expression: snapshot_content
---
Source Code:
let mut x9 = value2;

AST:
(source_file
  (let_declaration
    (mutable_specifier)
    (identifier x9)
    (identifier value2)
  )
)

IR:
IntermediateRepresentation {
    file_path: "<memory>",
    definitions: [
        Definition {
            name: "x9",
            line_number: 1,
            definition_type: VariableDefinition,
            scope: None,
        },
    ],
    dependencies: [],
    usage: [
        SerializableUsage {
            name: "x9",
            kind: Identifier,
            scope: None,
            start_line: 1,
            start_column: 9,
            end_line: 1,
            end_column: 11,
        },
        SerializableUsage {
            name: "value2",
            kind: Identifier,
            scope: None,
            start_line: 1,
            start_column: 14,
            end_line: 1,
            end_column: 20,
        },
    ],
    analysis_metadata: AnalysisMetadata {
        language: "Rust",
        total_lines: 1,
        analysis_timestamp: "now",
        lintric_version: "0.1.0",
    },
}
