---
source: generated-tests/tests/rust.rs
expression: snapshot_content
---
Source Code:
trait TestTrait1 { fn method1(&self) -> i32; }

AST:
(source_file
  (trait_item
    (type_identifier)
    (declaration_list
      (function_signature_item
        (identifier method1)
        (parameters
          (self_parameter
            (self)
          )
        )
        (primitive_type)
      )
    )
  )
)

IR:
IntermediateRepresentation {
    file_path: "<memory>",
    definitions: [
        Definition {
            name: "TestTrait1",
            line_number: 1,
            definition_type: Other(
                "trait_item",
            ),
            scope: Some(
                "TestTrait1",
            ),
        },
        Definition {
            name: "method1",
            line_number: 1,
            definition_type: FunctionDefinition,
            scope: Some(
                "TestTrait1",
            ),
        },
    ],
    dependencies: [],
    usage: [
        SerializableUsage {
            name: "method1",
            kind: Identifier,
            scope: Some(
                "TestTrait1",
            ),
            start_line: 1,
            start_column: 23,
            end_line: 1,
            end_column: 30,
        },
    ],
    analysis_metadata: AnalysisMetadata {
        language: "Rust",
        total_lines: 1,
        analysis_timestamp: "now",
        lintric_version: "0.1.0",
    },
}
