---
source: generated-tests/tests/rust.rs
expression: snapshot_content
---
Source Code:
macro_rules! test_macro { ($($item:ident),*) => { $(let $item = 42;)* }; }

AST:
(source_file
  (macro_definition
    (identifier test_macro)
    (macro_rule
      (token_tree_pattern
        (token_repetition_pattern
          (token_binding_pattern
            (metavariable)
            (fragment_specifier)
          )
        )
      )
      (token_tree
        (token_repetition
          (metavariable)
          (integer_literal)
        )
      )
    )
  )
)

IR:
IntermediateRepresentation {
    file_path: "<memory>",
    definitions: [
        Definition {
            name: "test_macro",
            position: Position {
                start_line: 1,
                start_column: 14,
                end_line: 1,
                end_column: 24,
            },
            definition_type: MacroDefinition,
        },
        Definition {
            name: "$item",
            position: Position {
                start_line: 1,
                start_column: 30,
                end_line: 1,
                end_column: 35,
            },
            definition_type: MacroVariableDefinition,
        },
    ],
    dependencies: [],
    usage: [
        Usage {
            name: "test_macro",
            kind: Identifier,
            position: Position {
                start_line: 1,
                start_column: 14,
                end_line: 1,
                end_column: 24,
            },
        },
        Usage {
            name: "$item",
            kind: Metavariable,
            position: Position {
                start_line: 1,
                start_column: 30,
                end_line: 1,
                end_column: 35,
            },
        },
        Usage {
            name: "$item",
            kind: Metavariable,
            position: Position {
                start_line: 1,
                start_column: 57,
                end_line: 1,
                end_column: 62,
            },
        },
    ],
    analysis_metadata: AnalysisMetadata {
        language: "Rust",
        total_lines: 1,
        analysis_timestamp: "now",
        lintric_version: "0.1.0",
    },
}
