---
source: crates/test-generator/tests/tsx.rs
expression: snapshot_content
---
Source Code:
const { prop8 } = obj5;

AST:
(program
  (lexical_declaration
    (variable_declarator
      name: (object_pattern
        (shorthand_property_identifier_pattern "prop8")
      )
      value: (identifier "obj5")
    )
  )
)

IR:
IntermediateRepresentation {
    file_path: "<memory>",
    definitions: [
        Definition { position: { 1:9 to 1:14 }, name: "prop8", definition_type: VariableDefinition, scope_id: Some(0), accessibility: Some(ScopeLocal), is_hoisted: Some(false) },
    ],
    dependencies: [],
    usage: [
        Usage { position: { 1:19 to 1:23 }, name: "obj5", kind: Identifier, context: None },
    ],
    analysis_metadata: AnalysisMetadata {
        language: "TSX",
        total_lines: 1,
        analysis_timestamp: "now",
        lintric_version: "0.1.0",
    },
}
