---
source: crates/test-generator/tests/tsx.rs
expression: snapshot_content
---
Source Code:
const [a, b] = array;

AST:
(program
  (lexical_declaration
    (variable_declarator
      name: (array_pattern
        (identifier "a")
        (identifier "b")
      )
      value: (identifier "array")
    )
  )
)

IR:
IntermediateRepresentation {
    file_path: "<memory>",
    definitions: [
        Definition { position: { 1:8 to 1:9 }, name: "a", definition_type: VariableDefinition, scope_id: Some(0), accessibility: Some(ScopeLocal), is_hoisted: Some(false) },
        Definition { position: { 1:11 to 1:12 }, name: "b", definition_type: VariableDefinition, scope_id: Some(0), accessibility: Some(ScopeLocal), is_hoisted: Some(false) },
    ],
    dependencies: [],
    usage: [
        Usage { position: { 1:16 to 1:21 }, name: "array", kind: Identifier, context: None },
    ],
    analysis_metadata: AnalysisMetadata {
        language: "TSX",
        total_lines: 1,
        analysis_timestamp: "now",
        lintric_version: "0.1.0",
    },
}
