---
source: crates/test-generator/tests/tsx.rs
expression: snapshot_content
---
Source Code:
switch (value29) { case 1: break; default: break; }

AST:
(program
  (switch_statement
    value: (parenthesized_expression
      (identifier "value29")
    )
    body: (switch_body
      (switch_case
        value: (number "1")
        body: (break_statement)
      )
      (switch_default
        body: (break_statement)
      )
    )
  )
)

IR:
IntermediateRepresentation {
    file_path: "<memory>",
    definitions: [],
    dependencies: [],
    usage: [
        Usage { position: { 1:9 to 1:16 }, name: "value29", kind: Identifier, context: None },
    ],
    analysis_metadata: AnalysisMetadata {
        language: "TSX",
        total_lines: 1,
        analysis_timestamp: "now",
        lintric_version: "0.1.0",
    },
}
