---
source: crates/test-generator/tests/tsx.rs
expression: snapshot_content
---
Source Code:
const value2: Type = 42;

AST:
(program
  (lexical_declaration
    (variable_declarator
      name: (identifier "value2")
      type: (type_annotation
        (type_identifier "Type")
      )
      value: (number "42")
    )
  )
)

IR:
IntermediateRepresentation {
    file_path: "<memory>",
    definitions: [
        Definition {
            name: "value2",
            position: Position {
                start_line: 1,
                start_column: 7,
                end_line: 1,
                end_column: 13,
            },
            definition_type: VariableDefinition,
        },
    ],
    dependencies: [],
    usage: [
        Usage {
            name: "Type",
            kind: TypeIdentifier,
            position: Position {
                start_line: 1,
                start_column: 15,
                end_line: 1,
                end_column: 19,
            },
            context: None,
        },
    ],
    analysis_metadata: AnalysisMetadata {
        language: "TSX",
        total_lines: 1,
        analysis_timestamp: "now",
        lintric_version: "0.1.0",
    },
}
