---
source: crates/test-generator/tests/tsx.rs
expression: snapshot_content
---
Source Code:
function(param1: number) { const local1 = param1; return local1 + 1; }

AST:
(program
  (expression_statement
    (function_expression
      parameters: (formal_parameters
        (required_parameter
          pattern: (identifier "param1")
          type: (type_annotation
            (predefined_type "number")
          )
        )
      )
      body: (statement_block
        (lexical_declaration
          (variable_declarator
            name: (identifier "local1")
            value: (identifier "param1")
          )
        )
        (return_statement
          (binary_expression
            left: (identifier "local1")
            right: (number "1")
          )
        )
      )
    )
  )
)

IR:
IntermediateRepresentation {
    file_path: "<memory>",
    definitions: [
        Definition {
            name: "local1",
            position: Position {
                start_line: 1,
                start_column: 34,
                end_line: 1,
                end_column: 40,
            },
            definition_type: VariableDefinition,
        },
    ],
    dependencies: [],
    usage: [
        Usage {
            name: "param1",
            kind: Identifier,
            position: Position {
                start_line: 1,
                start_column: 43,
                end_line: 1,
                end_column: 49,
            },
        },
        Usage {
            name: "local1",
            kind: Identifier,
            position: Position {
                start_line: 1,
                start_column: 58,
                end_line: 1,
                end_column: 64,
            },
        },
    ],
    analysis_metadata: AnalysisMetadata {
        language: "TSX",
        total_lines: 1,
        analysis_timestamp: "now",
        lintric_version: "0.1.0",
    },
}
