---
source: crates/test-generator/tests/tsx.rs
expression: snapshot_content
---
Source Code:
const element = <div prop1={value13}>Content</div>;

AST:
(program
  (lexical_declaration
    (variable_declarator
      name: (identifier "element")
      value: (jsx_element
        open_tag: (jsx_opening_element
          name: (identifier "div")
          attribute: (jsx_attribute
            (property_identifier "prop1")
            (jsx_expression
              (identifier "value13")
            )
          )
        )
        (jsx_text)
        close_tag: (jsx_closing_element
          name: (identifier "div")
        )
      )
    )
  )
)

IR:
IntermediateRepresentation {
    file_path: "<memory>",
    definitions: [
        Definition {
            name: "element",
            position: Position {
                start_line: 1,
                start_column: 7,
                end_line: 1,
                end_column: 14,
            },
            definition_type: VariableDefinition,
        },
    ],
    dependencies: [],
    usage: [
        Usage {
            name: "div",
            kind: Identifier,
            position: Position {
                start_line: 1,
                start_column: 18,
                end_line: 1,
                end_column: 21,
            },
            context: None,
        },
        Usage {
            name: "prop1",
            kind: FieldExpression,
            position: Position {
                start_line: 1,
                start_column: 22,
                end_line: 1,
                end_column: 27,
            },
            context: None,
        },
        Usage {
            name: "value13",
            kind: Identifier,
            position: Position {
                start_line: 1,
                start_column: 29,
                end_line: 1,
                end_column: 36,
            },
            context: None,
        },
        Usage {
            name: "div",
            kind: Identifier,
            position: Position {
                start_line: 1,
                start_column: 47,
                end_line: 1,
                end_column: 50,
            },
            context: None,
        },
    ],
    analysis_metadata: AnalysisMetadata {
        language: "TSX",
        total_lines: 1,
        analysis_timestamp: "now",
        lintric_version: "0.1.0",
    },
}
