---
source: crates/test-generator/tests/tsx.rs
expression: snapshot_content
---
Source Code:
import { Item } from './module'

AST:
(program
  (import_statement
    (import_clause
      (named_imports
        (import_specifier
          name: (identifier "Item")
        )
      )
    )
    source: (string
      (string_fragment)
    )
  )
)

IR:
IntermediateRepresentation {
    file_path: "<memory>",
    definitions: [
        Definition { position: { 1:10 to 1:14 }, name: "Item", definition_type: ImportDefinition, scope_id: Some(0), accessibility: Some(ScopeLocal), is_hoisted: Some(false) },
    ],
    dependencies: [],
    usage: [],
    analysis_metadata: AnalysisMetadata {
        language: "TSX",
        total_lines: 1,
        analysis_timestamp: "now",
        lintric_version: "0.1.0",
    },
}
