---
source: crates/test-generator/tests/tsx.rs
expression: snapshot_content
---
Source Code:
let i = 0; do { i++; } while (i < 5);

AST:
(program
  (lexical_declaration
    (variable_declarator
      name: (identifier "i")
      value: (number "0")
    )
  )
  (do_statement
    body: (statement_block
      (expression_statement
        (update_expression
          argument: (identifier "i")
        )
      )
    )
    condition: (parenthesized_expression
      (binary_expression
        left: (identifier "i")
        right: (number "5")
      )
    )
  )
)

IR:
IntermediateRepresentation {
    file_path: "<memory>",
    definitions: [
        Definition { position: { 1:5 to 1:6 }, name: "i", definition_type: VariableDefinition, scope_id: Some(0), accessibility: Some(ScopeLocal), is_hoisted: Some(false) },
    ],
    dependencies: [],
    usage: [
        Usage { position: { 1:17 to 1:18 }, name: "i", kind: Identifier, context: None },
        Usage { position: { 1:31 to 1:32 }, name: "i", kind: Identifier, context: None },
    ],
    analysis_metadata: AnalysisMetadata {
        language: "TSX",
        total_lines: 1,
        analysis_timestamp: "now",
        lintric_version: "0.1.0",
    },
}
