---
source: crates/test-generator/tests/tsx.rs
expression: snapshot_content
---
Source Code:
value28 satisfies string

AST:
(program
  (expression_statement
    (satisfies_expression
      (identifier "value28")
      (predefined_type "string")
    )
  )
)

IR:
IntermediateRepresentation {
    file_path: "<memory>",
    definitions: [],
    dependencies: [],
    usage: [
        Usage { position: { 1:1 to 1:8 }, name: "value28", kind: Identifier, context: None },
    ],
    analysis_metadata: AnalysisMetadata {
        language: "TSX",
        total_lines: 1,
        analysis_timestamp: "now",
        lintric_version: "0.1.0",
    },
}
