---
source: crates/test-generator/tests/tsx.rs
expression: snapshot_content
---
Source Code:
!value33

AST:
(program
  (expression_statement
    (unary_expression
      argument: (identifier "value33")
    )
  )
)

IR:
IntermediateRepresentation {
    file_path: "<memory>",
    definitions: [],
    dependencies: [],
    usage: [
        Usage {
            name: "value33",
            kind: Identifier,
            position: Position {
                start_line: 1,
                start_column: 2,
                end_line: 1,
                end_column: 9,
            },
            context: None,
        },
    ],
    analysis_metadata: AnalysisMetadata {
        language: "TSX",
        total_lines: 1,
        analysis_timestamp: "now",
        lintric_version: "0.1.0",
    },
}
