---
source: crates/test-generator/tests/tsx.rs
expression: snapshot_content
---
Source Code:
const var1 = source;

AST:
(program
  (lexical_declaration
    (variable_declarator
      name: (identifier "var1")
      value: (identifier "source")
    )
  )
)

IR:
IntermediateRepresentation {
    file_path: "<memory>",
    definitions: [
        Definition { position: { 1:7 to 1:11 }, name: "var1", definition_type: VariableDefinition, scope_id: Some(0), accessibility: Some(ScopeLocal), is_hoisted: Some(false) },
    ],
    dependencies: [],
    usage: [
        Usage { position: { 1:14 to 1:20 }, name: "source", kind: Identifier, context: None },
    ],
    analysis_metadata: AnalysisMetadata {
        language: "TSX",
        total_lines: 1,
        analysis_timestamp: "now",
        lintric_version: "0.1.0",
    },
}
