---
source: crates/test-generator/tests/typescript.rs
expression: snapshot_content
---
Source Code:
const { key1: value18 } = obj3;

AST:
(program
  (lexical_declaration
    (variable_declarator
      name: (object_pattern
        (pair_pattern
          key: (property_identifier "key1")
          value: (identifier "value18")
        )
      )
      value: (identifier "obj3")
    )
  )
)

IR:
IntermediateRepresentation {
    file_path: "<memory>",
    definitions: [
        Definition { position: { 1:15 to 1:22 }, name: "value18", definition_type: VariableDefinition, scope_id: Some(0), accessibility: Some(ScopeLocal), is_hoisted: Some(false) },
    ],
    dependencies: [],
    usage: [
        Usage { position: { 1:9 to 1:13 }, name: "key1", kind: FieldExpression, context: None },
        Usage { position: { 1:27 to 1:31 }, name: "obj3", kind: Identifier, context: None },
    ],
    analysis_metadata: AnalysisMetadata {
        language: "TypeScript",
        total_lines: 1,
        analysis_timestamp: "now",
        lintric_version: "0.1.0",
    },
}
