---
source: generated-tests/tests/typescript.rs
expression: snapshot_content
---
Source Code:
const value17: { prop4: number } = { prop4: 42 };

AST:
(program
  (lexical_declaration
    (variable_declarator
      name: (identifier "value17")
      type: (type_annotation
        (object_type
          (property_signature
            name: (property_identifier "prop4")
            type: (type_annotation
              (predefined_type "number")
            )
          )
        )
      )
      value: (object
        (pair
          key: (property_identifier "prop4")
          value: (number "42")
        )
      )
    )
  )
)

IR:
IntermediateRepresentation {
    file_path: "<memory>",
    definitions: [
        Definition {
            name: "value17",
            position: Position {
                start_line: 1,
                start_column: 7,
                end_line: 1,
                end_column: 14,
            },
            definition_type: VariableDefinition,
        },
        Definition {
            name: "prop4",
            position: Position {
                start_line: 1,
                start_column: 18,
                end_line: 1,
                end_column: 23,
            },
            definition_type: PropertyDefinition,
        },
    ],
    dependencies: [],
    usage: [
        Usage {
            name: "prop4",
            kind: FieldExpression,
            position: Position {
                start_line: 1,
                start_column: 18,
                end_line: 1,
                end_column: 23,
            },
        },
        Usage {
            name: "prop4",
            kind: FieldExpression,
            position: Position {
                start_line: 1,
                start_column: 38,
                end_line: 1,
                end_column: 43,
            },
        },
    ],
    analysis_metadata: AnalysisMetadata {
        language: "TypeScript",
        total_lines: 1,
        analysis_timestamp: "now",
        lintric_version: "0.1.0",
    },
}
