---
source: crates/test-generator/tests/typescript.rs
expression: snapshot_content
---
Source Code:
const val: * = 42;

AST:
(program
  (lexical_declaration
    (variable_declarator
      name: (identifier "val")
      type: (type_annotation
        (existential_type)
      )
      value: (number "42")
    )
  )
)

IR:
IntermediateRepresentation {
    file_path: "<memory>",
    definitions: [
        Definition { position: { 1:7 to 1:10 }, name: "val", definition_type: VariableDefinition, scope_id: Some(0), accessibility: Some(ScopeLocal), is_hoisted: Some(false) },
    ],
    dependencies: [],
    usage: [],
    analysis_metadata: AnalysisMetadata {
        language: "TypeScript",
        total_lines: 1,
        analysis_timestamp: "now",
        lintric_version: "0.1.0",
    },
}
