---
source: crates/test-generator/tests/typescript.rs
expression: snapshot_content
---
Source Code:
identifier

AST:
(program
  (expression_statement
    (identifier "identifier")
  )
)

IR:
IntermediateRepresentation {
    file_path: "<memory>",
    definitions: [],
    dependencies: [],
    usage: [
        Usage { position: { 1:1 to 1:11 }, name: "identifier", kind: Identifier, context: None },
    ],
    analysis_metadata: AnalysisMetadata {
        language: "TypeScript",
        total_lines: 1,
        analysis_timestamp: "now",
        lintric_version: "0.1.0",
    },
}
