---
source: crates/test-generator/tests/typescript.rs
expression: snapshot_content
---
Source Code:
enum TestEnum { A, B }

AST:
(program
  (enum_declaration
    name: (identifier "TestEnum")
    body: (enum_body
      name: (property_identifier "A")
      name: (property_identifier "B")
    )
  )
)

IR:
IntermediateRepresentation {
    file_path: "<memory>",
    definitions: [
        Definition { position: { 1:6 to 1:14 }, name: "TestEnum", definition_type: EnumDefinition, scope_id: Some(0), accessibility: Some(ScopeLocal), is_hoisted: Some(false) },
        Definition { position: { 1:17 to 1:18 }, name: "A", definition_type: PropertyDefinition, scope_id: Some(0), accessibility: Some(ScopeLocal), is_hoisted: Some(false) },
        Definition { position: { 1:20 to 1:21 }, name: "B", definition_type: PropertyDefinition, scope_id: Some(0), accessibility: Some(ScopeLocal), is_hoisted: Some(false) },
    ],
    dependencies: [],
    usage: [],
    analysis_metadata: AnalysisMetadata {
        language: "TypeScript",
        total_lines: 1,
        analysis_timestamp: "now",
        lintric_version: "0.1.0",
    },
}
