---
source: crates/test-generator/tests/typescript.rs
expression: snapshot_content
---
Source Code:
(value19)

AST:
(program
  (expression_statement
    (parenthesized_expression
      (identifier "value19")
    )
  )
)

IR:
IntermediateRepresentation {
    file_path: "<memory>",
    definitions: [],
    dependencies: [],
    usage: [
        Usage { position: { 1:2 to 1:9 }, name: "value19", kind: Identifier, context: None },
    ],
    analysis_metadata: AnalysisMetadata {
        language: "TypeScript",
        total_lines: 1,
        analysis_timestamp: "now",
        lintric_version: "0.1.0",
    },
}
