---
source: cli/tests/test_main.rs
expression: stdout
---
--- Analysis for complex_rust_code.rs ---
┌──────┬────────────┬───────────┬───────┬─────────────────┐
│ Line ┆ Total Deps ┆ Dist Cost ┆ Depth ┆ Transitive Deps │
╞══════╪════════════╪═══════════╪═══════╪═════════════════╡
│ 7    ┆ 3          ┆ 0.0625    ┆ 1     ┆ 1               │
│ 8    ┆ 1          ┆ 0.03125   ┆ 2     ┆ 2               │
│ 12   ┆ 1          ┆ 0         ┆ 1     ┆ 0               │
│ 13   ┆ 1          ┆ 0         ┆ 1     ┆ 0               │
│ 15   ┆ 1          ┆ 0         ┆ 1     ┆ 0               │
│ 16   ┆ 4          ┆ 0.84375   ┆ 2     ┆ 3               │
│ 17   ┆ 4          ┆ 0.90625   ┆ 3     ┆ 4               │
│ 20   ┆ 1          ┆ 0         ┆ 1     ┆ 0               │
│ 21   ┆ 1          ┆ 0         ┆ 1     ┆ 0               │
│ 22   ┆ 2          ┆ 0.03125   ┆ 2     ┆ 1               │
│ 23   ┆ 1          ┆ 0.03125   ┆ 3     ┆ 2               │
│ 26   ┆ 1          ┆ 0         ┆ 1     ┆ 0               │
│ 27   ┆ 2          ┆ 0.03125   ┆ 2     ┆ 1               │
│ 28   ┆ 3          ┆ 0.09375   ┆ 3     ┆ 2               │
│ 30   ┆ 1          ┆ 0.46875   ┆ 2     ┆ 1               │
│ 31   ┆ 1          ┆ 0.34375   ┆ 2     ┆ 1               │
└──────┴────────────┴───────────┴───────┴─────────────────┘
Overall Complexity Score: 59.88
┌──────────────────────┬──────────────────────────┐
│ File                 ┆ Overall Complexity Score │
╞══════════════════════╪══════════════════════════╡
│ complex_rust_code.rs ┆ 59.88                    │
└──────────────────────┴──────────────────────────┘

--- Overall Report ---
Total Files Analyzed: 1
Total Overall Complexity Score: 59.88
Average Complexity Score: 59.88
