---
source: cli/tests/test_main.rs
expression: stdout
---
[
  {
    "name": "Point",
    "line": 1
  },
  {
    "name": "a",
    "line": 6
  },
  {
    "name": "add",
    "line": 6
  },
  {
    "name": "b",
    "line": 6
  },
  {
    "name": "result",
    "line": 7
  },
  {
    "name": "main",
    "line": 11
  },
  {
    "name": "p1",
    "line": 12
  },
  {
    "name": "p2",
    "line": 13
  },
  {
    "name": "p3",
    "line": 15
  },
  {
    "name": "p4",
    "line": 20
  },
  {
    "name": "p5",
    "line": 21
  },
  {
    "name": "p6",
    "line": 22
  },
  {
    "name": "x",
    "line": 26
  },
  {
    "name": "y",
    "line": 27
  },
  {
    "name": "z",
    "line": 28
  }
]
