---
source: cli/tests/test_main.rs
expression: stdout
---
--- Analysis for tmp/temp_test_file.rs ---
┌──────┬────────────┬───────────┬───────┬─────────────────┐
│ Line ┆ Total Deps ┆ Dist Cost ┆ Depth ┆ Transitive Deps │
╞══════╪════════════╪═══════════╪═══════╪═════════════════╡
│ 1    ┆ 1          ┆ 0         ┆ 1     ┆ 0               │
│ 2    ┆ 2          ┆ 0.5       ┆ 2     ┆ 1               │
└──────┴────────────┴───────────┴───────┴─────────────────┘
Overall Complexity Score: 6.25
┌───────────────────────┬──────────────────────────┐
│ File                  ┆ Overall Complexity Score │
╞═══════════════════════╪══════════════════════════╡
│ tmp/temp_test_file.rs ┆ 6.25                     │
└───────────────────────┴──────────────────────────┘

--- Overall Report ---
Total Files Analyzed: 1
Total Overall Complexity Score: 6.25
Average Complexity Score: 6.25
