---
source: crates/test-generator/tests/rust.rs
expression: snapshot_content
---
Source Code:
fn test_fn8() -> ! { panic!("never returns") }

AST:
(source_file
  (function_item
    name: (identifier "test_fn8")
    parameters: (parameters)
    return_type: (never_type)
    body: (block
      (macro_invocation
        macro: (identifier "panic")
        (token_tree
          (string_literal ""never returns""
            (string_content)
          )
        )
      )
    )
  )
)

IR:
IntermediateRepresentation {
    file_path: "<memory>",
    definitions: [
        Definition { position: { 1:4 to 1:12 }, name: "test_fn8", definition_type: FunctionDefinition, scope_id: Some(1), accessibility: Some(ScopeLocal), is_hoisted: Some(false) },
    ],
    dependencies: [],
    usage: [
        Usage { position: { 1:22 to 1:27 }, name: "panic", kind: Identifier, context: None },
    ],
    analysis_metadata: AnalysisMetadata {
        language: "Rust",
        total_lines: 1,
        analysis_timestamp: "now",
        lintric_version: "0.1.0",
    },
}
