---
source: crates/test-generator/tests/rust.rs
expression: snapshot_content
---
Source Code:
let var3: Box<dyn std::fmt::Display> = Box::new(42);

AST:
(source_file
  (let_declaration
    pattern: (identifier "var3")
    type: (generic_type
      type: (type_identifier "Box")
      type_arguments: (type_arguments
        (dynamic_type
          trait: (scoped_type_identifier "std::fmt::Display"
            path: (scoped_identifier "std::fmt"
              path: (identifier "std")
              name: (identifier "fmt")
            )
            name: (type_identifier "Display")
          )
        )
      )
    )
    value: (call_expression
      function: (scoped_identifier "Box::new"
        path: (identifier "Box")
        name: (identifier "new")
      )
      arguments: (arguments
        (integer_literal "42")
      )
    )
  )
)

IR:
IntermediateRepresentation {
    file_path: "<memory>",
    definitions: [
        Definition {
            name: "var3",
            position: Position {
                start_line: 1,
                start_column: 5,
                end_line: 1,
                end_column: 9,
            },
            definition_type: VariableDefinition,
        },
    ],
    dependencies: [],
    usage: [
        Usage {
            name: "Box",
            kind: TypeIdentifier,
            position: Position {
                start_line: 1,
                start_column: 11,
                end_line: 1,
                end_column: 14,
            },
            context: None,
        },
        Usage {
            name: "std",
            kind: Identifier,
            position: Position {
                start_line: 1,
                start_column: 19,
                end_line: 1,
                end_column: 22,
            },
            context: Some(
                "scoped_identifier",
            ),
        },
        Usage {
            name: "fmt",
            kind: Identifier,
            position: Position {
                start_line: 1,
                start_column: 24,
                end_line: 1,
                end_column: 27,
            },
            context: Some(
                "scoped_identifier",
            ),
        },
        Usage {
            name: "Display",
            kind: TypeIdentifier,
            position: Position {
                start_line: 1,
                start_column: 29,
                end_line: 1,
                end_column: 36,
            },
            context: None,
        },
        Usage {
            name: "Box::new",
            kind: CallExpression,
            position: Position {
                start_line: 1,
                start_column: 40,
                end_line: 1,
                end_column: 52,
            },
            context: Some(
                "call_expression",
            ),
        },
        Usage {
            name: "Box",
            kind: Identifier,
            position: Position {
                start_line: 1,
                start_column: 40,
                end_line: 1,
                end_column: 43,
            },
            context: Some(
                "scoped_identifier",
            ),
        },
        Usage {
            name: "new",
            kind: Identifier,
            position: Position {
                start_line: 1,
                start_column: 45,
                end_line: 1,
                end_column: 48,
            },
            context: Some(
                "scoped_identifier",
            ),
        },
    ],
    analysis_metadata: AnalysisMetadata {
        language: "Rust",
        total_lines: 1,
        analysis_timestamp: "now",
        lintric_version: "0.1.0",
    },
}
