---
source: crates/test-generator/tests/rust.rs
expression: snapshot_content
---
Source Code:
let mut x1 = 0; x1 = y;

AST:
(source_file
  (let_declaration
    (mutable_specifier)
    pattern: (identifier "x1")
    value: (integer_literal "0")
  )
  (expression_statement
    (assignment_expression
      left: (identifier "x1")
      right: (identifier "y")
    )
  )
)

IR:
IntermediateRepresentation {
    file_path: "<memory>",
    definitions: [
        Definition { position: { 1:9 to 1:11 }, name: "x1", definition_type: VariableDefinition, scope_id: Some(0), accessibility: Some(ScopeLocal), is_hoisted: Some(false) },
    ],
    dependencies: [],
    usage: [
        Usage { position: { 1:17 to 1:19 }, name: "x1", kind: Identifier, context: None },
        Usage { position: { 1:22 to 1:23 }, name: "y", kind: Identifier, context: None },
    ],
    analysis_metadata: AnalysisMetadata {
        language: "Rust",
        total_lines: 1,
        analysis_timestamp: "now",
        lintric_version: "0.1.0",
    },
}
