---
source: crates/test-generator/tests/rust.rs
expression: snapshot_content
---
Source Code:
a2 + b2;

AST:
(source_file
  (expression_statement
    (binary_expression
      left: (identifier "a2")
      right: (identifier "b2")
    )
  )
)

IR:
IntermediateRepresentation {
    file_path: "<memory>",
    definitions: [],
    dependencies: [],
    usage: [
        Usage { position: { 1:1 to 1:3 }, name: "a2", kind: Identifier, context: None },
        Usage { position: { 1:6 to 1:8 }, name: "b2", kind: Identifier, context: None },
    ],
    analysis_metadata: AnalysisMetadata {
        language: "Rust",
        total_lines: 1,
        analysis_timestamp: "now",
        lintric_version: "0.1.0",
    },
}
