---
source: crates/test-generator/tests/rust.rs
expression: snapshot_content
---
Source Code:
fn test_fn3() -> i32 { let x5 = 42; x5 + 1 }

AST:
(source_file
  (function_item
    name: (identifier "test_fn3")
    parameters: (parameters)
    return_type: (primitive_type "i32")
    body: (block
      (let_declaration
        pattern: (identifier "x5")
        value: (integer_literal "42")
      )
      (binary_expression
        left: (identifier "x5")
        right: (integer_literal "1")
      )
    )
  )
)

IR:
IntermediateRepresentation {
    file_path: "<memory>",
    definitions: [
        Definition { position: { 1:4 to 1:12 }, name: "test_fn3", definition_type: FunctionDefinition, scope_id: Some(1), accessibility: Some(ScopeLocal), is_hoisted: Some(false) },
        Definition { position: { 1:28 to 1:30 }, name: "x5", definition_type: VariableDefinition, scope_id: Some(2), accessibility: Some(ScopeLocal), is_hoisted: Some(false) },
    ],
    dependencies: [],
    usage: [
        Usage { position: { 1:37 to 1:39 }, name: "x5", kind: Identifier, context: None },
    ],
    analysis_metadata: AnalysisMetadata {
        language: "Rust",
        total_lines: 1,
        analysis_timestamp: "now",
        lintric_version: "0.1.0",
    },
}
