---
source: crates/test-generator/tests/rust.rs
expression: snapshot_content
---
Source Code:
fn test_fn5<F>(f: F) where F: for<'a> Fn(&'a str) -> &'a str { }

AST:
(source_file
  (function_item
    name: (identifier "test_fn5")
    type_parameters: (type_parameters
      (type_identifier "F")
    )
    parameters: (parameters
      (parameter
        pattern: (identifier "f")
        type: (type_identifier "F")
      )
    )
    (where_clause
      (where_predicate
        left: (type_identifier "F")
        bounds: (trait_bounds
          (higher_ranked_trait_bound
            type_parameters: (type_parameters
              (lifetime
                (identifier "a")
              )
            )
            type: (function_type
              trait: (type_identifier "Fn")
              parameters: (parameters
                (reference_type
                  (lifetime
                    (identifier "a")
                  )
                  type: (primitive_type "str")
                )
              )
              return_type: (reference_type
                (lifetime
                  (identifier "a")
                )
                type: (primitive_type "str")
              )
            )
          )
        )
      )
    )
    body: (block)
  )
)

IR:
IntermediateRepresentation {
    file_path: "<memory>",
    definitions: [
        Definition {
            name: "test_fn5",
            position: Position {
                start_line: 1,
                start_column: 4,
                end_line: 1,
                end_column: 12,
            },
            definition_type: FunctionDefinition,
        },
        Definition {
            name: "F",
            position: Position {
                start_line: 1,
                start_column: 13,
                end_line: 1,
                end_column: 14,
            },
            definition_type: TypeDefinition,
        },
        Definition {
            name: "f",
            position: Position {
                start_line: 1,
                start_column: 16,
                end_line: 1,
                end_column: 17,
            },
            definition_type: VariableDefinition,
        },
    ],
    dependencies: [],
    usage: [
        Usage {
            name: "F",
            kind: TypeIdentifier,
            position: Position {
                start_line: 1,
                start_column: 19,
                end_line: 1,
                end_column: 20,
            },
        },
        Usage {
            name: "F",
            kind: TypeIdentifier,
            position: Position {
                start_line: 1,
                start_column: 28,
                end_line: 1,
                end_column: 29,
            },
        },
        Usage {
            name: "Fn",
            kind: TypeIdentifier,
            position: Position {
                start_line: 1,
                start_column: 39,
                end_line: 1,
                end_column: 41,
            },
        },
    ],
    analysis_metadata: AnalysisMetadata {
        language: "Rust",
        total_lines: 1,
        analysis_timestamp: "now",
        lintric_version: "0.1.0",
    },
}
