---
source: crates/test-generator/tests/rust.rs
expression: snapshot_content
---
Source Code:
value9 as i32;

AST:
(source_file
  (expression_statement
    (type_cast_expression
      value: (identifier "value9")
      type: (primitive_type "i32")
    )
  )
)

IR:
IntermediateRepresentation {
    file_path: "<memory>",
    definitions: [],
    dependencies: [],
    usage: [
        Usage { position: { 1:1 to 1:7 }, name: "value9", kind: Identifier, context: None },
    ],
    analysis_metadata: AnalysisMetadata {
        language: "Rust",
        total_lines: 1,
        analysis_timestamp: "now",
        lintric_version: "0.1.0",
    },
}
