---
source: crates/test-generator/tests/rust.rs
expression: snapshot_content
---
Source Code:
var1 + 1;

AST:
(source_file
  (expression_statement
    (binary_expression
      left: (identifier "var1")
      right: (integer_literal "1")
    )
  )
)

IR:
IntermediateRepresentation {
    file_path: "<memory>",
    definitions: [],
    dependencies: [],
    usage: [
        Usage { position: { 1:1 to 1:5 }, name: "var1", kind: Identifier, context: None },
    ],
    analysis_metadata: AnalysisMetadata {
        language: "Rust",
        total_lines: 1,
        analysis_timestamp: "now",
        lintric_version: "0.1.0",
    },
}
