---
source: crates/test-generator/tests/rust.rs
expression: snapshot_content
---
Source Code:
let ptr: *const i32 = std::ptr::null();

AST:
(source_file
  (let_declaration
    pattern: (identifier "ptr")
    type: (pointer_type
      type: (primitive_type "i32")
    )
    value: (call_expression
      function: (scoped_identifier "std::ptr::null"
        path: (scoped_identifier "std::ptr"
          path: (identifier "std")
          name: (identifier "ptr")
        )
        name: (identifier "null")
      )
      arguments: (arguments)
    )
  )
)

IR:
IntermediateRepresentation {
    file_path: "<memory>",
    definitions: [
        Definition {
            name: "ptr",
            position: Position {
                start_line: 1,
                start_column: 5,
                end_line: 1,
                end_column: 8,
            },
            definition_type: VariableDefinition,
        },
    ],
    dependencies: [],
    usage: [
        Usage {
            name: "std::ptr::null",
            kind: CallExpression,
            position: Position {
                start_line: 1,
                start_column: 23,
                end_line: 1,
                end_column: 39,
            },
        },
        Usage {
            name: "std",
            kind: Identifier,
            position: Position {
                start_line: 1,
                start_column: 23,
                end_line: 1,
                end_column: 26,
            },
        },
        Usage {
            name: "ptr",
            kind: Identifier,
            position: Position {
                start_line: 1,
                start_column: 28,
                end_line: 1,
                end_column: 31,
            },
        },
        Usage {
            name: "null",
            kind: Identifier,
            position: Position {
                start_line: 1,
                start_column: 33,
                end_line: 1,
                end_column: 37,
            },
        },
    ],
    analysis_metadata: AnalysisMetadata {
        language: "Rust",
        total_lines: 1,
        analysis_timestamp: "now",
        lintric_version: "0.1.0",
    },
}
