---
source: generated-tests/tests/tsx.rs
expression: snapshot_content
---
Source Code:
switch (value29) { case 1: break; default: break; }

AST:
(program
  (switch_statement
    (parenthesized_expression
      (identifier value29)
    )
    (switch_body
      (switch_case
        (number)
        (break_statement)
      )
      (switch_default
        (break_statement)
      )
    )
  )
)

IR:
IntermediateRepresentation {
    file_path: "<memory>",
    definitions: [],
    dependencies: [],
    usage: [
        SerializableUsage {
            name: "value29",
            kind: Identifier,
            scope: None,
            start_line: 1,
            start_column: 9,
            end_line: 1,
            end_column: 16,
        },
    ],
    analysis_metadata: AnalysisMetadata {
        language: "TSX",
        total_lines: 1,
        analysis_timestamp: "now",
        lintric_version: "0.1.0",
    },
}
