---
source: generated-tests/tests/tsx.rs
expression: snapshot_content
---
Source Code:
abstract class TestClass { abstract method(): void; }

AST:
(program
  (abstract_class_declaration
    (type_identifier)
    (class_body
      (abstract_method_signature
        (property_identifier)
        (formal_parameters)
        (type_annotation
          (predefined_type)
        )
      )
    )
  )
)

IR:
IntermediateRepresentation {
    file_path: "<memory>",
    definitions: [],
    dependencies: [],
    usage: [
        Usage {
            name: "method",
            kind: FieldExpression,
            position: Position {
                start_line: 1,
                start_column: 37,
                end_line: 1,
                end_column: 43,
            },
        },
    ],
    analysis_metadata: AnalysisMetadata {
        language: "TSX",
        total_lines: 1,
        analysis_timestamp: "now",
        lintric_version: "0.1.0",
    },
}
