---
source: generated-tests/tests/tsx.rs
expression: snapshot_content
---
Source Code:
type TestType = string;

AST:
(program
  (type_alias_declaration
    (type_identifier)
    (predefined_type)
  )
)

IR:
IntermediateRepresentation {
    file_path: "<memory>",
    definitions: [
        Definition {
            name: "TestType",
            line_number: 1,
            definition_type: TypeDefinition,
            scope: None,
        },
    ],
    dependencies: [],
    usage: [],
    analysis_metadata: AnalysisMetadata {
        language: "TSX",
        total_lines: 1,
        analysis_timestamp: "now",
        lintric_version: "0.1.0",
    },
}
