---
source: generated-tests/tests/tsx.rs
expression: snapshot_content
---
Source Code:
{ prop11: value110, prop21: value21 }

AST:
(program
  (expression_statement
    (object
      (pair
        (property_identifier)
        (identifier value110)
      )
      (pair
        (property_identifier)
        (identifier value21)
      )
    )
  )
)

IR:
IntermediateRepresentation {
    file_path: "<memory>",
    definitions: [],
    dependencies: [],
    usage: [
        SerializableUsage {
            name: "prop11",
            kind: FieldExpression,
            scope: None,
            start_line: 1,
            start_column: 3,
            end_line: 1,
            end_column: 9,
        },
        SerializableUsage {
            name: "value110",
            kind: Identifier,
            scope: None,
            start_line: 1,
            start_column: 11,
            end_line: 1,
            end_column: 19,
        },
        SerializableUsage {
            name: "prop21",
            kind: FieldExpression,
            scope: None,
            start_line: 1,
            start_column: 21,
            end_line: 1,
            end_column: 27,
        },
        SerializableUsage {
            name: "value21",
            kind: Identifier,
            scope: None,
            start_line: 1,
            start_column: 29,
            end_line: 1,
            end_column: 36,
        },
    ],
    analysis_metadata: AnalysisMetadata {
        language: "TSX",
        total_lines: 1,
        analysis_timestamp: "now",
        lintric_version: "0.1.0",
    },
}
