---
source: generated-tests/tests/tsx.rs
expression: snapshot_content
---
Source Code:
value19!

AST:
(program
  (expression_statement
    (non_null_expression
      (identifier value19)
    )
  )
)

IR:
IntermediateRepresentation {
    file_path: "<memory>",
    definitions: [],
    dependencies: [],
    analysis_metadata: AnalysisMetadata {
        language: "TSX",
        total_lines: 1,
        analysis_timestamp: "now",
        lintric_version: "0.1.0",
    },
}
