---
source: generated-tests/tests/tsx.rs
expression: snapshot_content
---
Source Code:
const { key1: value22 } = obj3;

AST:
(program
  (lexical_declaration
    (variable_declarator
      (object_pattern
        (pair_pattern
          (property_identifier)
          (identifier value22)
        )
      )
      (identifier obj3)
    )
  )
)

IR:
IntermediateRepresentation {
    file_path: "<memory>",
    definitions: [
        Definition {
            name: "{ key1: value22 }",
            line_number: 1,
            definition_type: VariableDefinition,
            scope: None,
        },
    ],
    dependencies: [],
    usage: [
        SerializableUsage {
            name: "key1",
            kind: FieldExpression,
            scope: None,
            start_line: 1,
            start_column: 9,
            end_line: 1,
            end_column: 13,
        },
        SerializableUsage {
            name: "value22",
            kind: Identifier,
            scope: None,
            start_line: 1,
            start_column: 15,
            end_line: 1,
            end_column: 22,
        },
        SerializableUsage {
            name: "obj3",
            kind: Identifier,
            scope: None,
            start_line: 1,
            start_column: 27,
            end_line: 1,
            end_column: 31,
        },
    ],
    analysis_metadata: AnalysisMetadata {
        language: "TSX",
        total_lines: 1,
        analysis_timestamp: "now",
        lintric_version: "0.1.0",
    },
}
