---
source: crates/cli/tests/test_main.rs
expression: out
---
--- Analysis for complex_typescript_code.ts ---
┌──────┬────────────┬──────────────────────┬───────┬─────────────────┐
│ Line ┆ Total Deps ┆ Dist Cost            ┆ Depth ┆ Transitive Deps │
╞══════╪════════════╪══════════════════════╪═══════╪═════════════════╡
│ 11   ┆ 2          ┆ 0.045454545454545456 ┆ 1     ┆ 1               │
│ 12   ┆ 1          ┆ 0.022727272727272728 ┆ 2     ┆ 2               │
│ 16   ┆ 3          ┆ 0.6818181818181819   ┆ 1     ┆ 3               │
│ 17   ┆ 3          ┆ 0.75                 ┆ 1     ┆ 3               │
│ 19   ┆ 1          ┆ 0.3181818181818182   ┆ 1     ┆ 1               │
│ 20   ┆ 6          ┆ 1.3409090909090908   ┆ 2     ┆ 6               │
│ 21   ┆ 6          ┆ 1.409090909090909    ┆ 2     ┆ 6               │
│ 25   ┆ 3          ┆ 1.2954545454545454   ┆ 1     ┆ 3               │
│ 26   ┆ 1          ┆ 0.022727272727272728 ┆ 2     ┆ 4               │
│ 27   ┆ 1          ┆ 0.022727272727272728 ┆ 3     ┆ 5               │
│ 31   ┆ 1          ┆ 0.022727272727272728 ┆ 1     ┆ 1               │
│ 32   ┆ 2          ┆ 0.06818181818181818  ┆ 2     ┆ 2               │
│ 34   ┆ 1          ┆ 0.3409090909090909   ┆ 2     ┆ 2               │
│ 35   ┆ 1          ┆ 0.25                 ┆ 1     ┆ 1               │
│ 38   ┆ 1          ┆ 0.8409090909090909   ┆ 1     ┆ 1               │
│ 43   ┆ 2          ┆ 0.20454545454545453  ┆ 2     ┆ 3               │
└──────┴────────────┴──────────────────────┴───────┴─────────────────┘
Overall Complexity Score: 69.56
┌────────────────────────────┬──────────────────────────┐
│ File                       ┆ Overall Complexity Score │
╞════════════════════════════╪══════════════════════════╡
│ complex_typescript_code.ts ┆ 69.56                    │
└────────────────────────────┴──────────────────────────┘

--- Overall Report ---
Total Files Analyzed: 1
Total Overall Complexity Score: 69.56
Average Complexity Score: 69.56
