---
source: crates/cli/tests/test_main.rs
expression: out
---
{
  "file_path": "tests/fixtures/complex_rust_code.rs",
  "definitions": [
    {
      "name": "Point",
      "position": {
        "start_line": 1,
        "start_column": 8,
        "end_line": 1,
        "end_column": 13
      },
      "definition_type": "StructDefinition"
    },
    {
      "name": "x",
      "position": {
        "start_line": 2,
        "start_column": 5,
        "end_line": 2,
        "end_column": 6
      },
      "definition_type": "StructFieldDefinition"
    },
    {
      "name": "y",
      "position": {
        "start_line": 3,
        "start_column": 5,
        "end_line": 3,
        "end_column": 6
      },
      "definition_type": "StructFieldDefinition"
    },
    {
      "name": "add",
      "position": {
        "start_line": 6,
        "start_column": 4,
        "end_line": 6,
        "end_column": 7
      },
      "definition_type": "FunctionDefinition"
    },
    {
      "name": "a",
      "position": {
        "start_line": 6,
        "start_column": 8,
        "end_line": 6,
        "end_column": 9
      },
      "definition_type": "VariableDefinition"
    },
    {
      "name": "b",
      "position": {
        "start_line": 6,
        "start_column": 16,
        "end_line": 6,
        "end_column": 17
      },
      "definition_type": "VariableDefinition"
    },
    {
      "name": "result",
      "position": {
        "start_line": 7,
        "start_column": 9,
        "end_line": 7,
        "end_column": 15
      },
      "definition_type": "VariableDefinition"
    },
    {
      "name": "main",
      "position": {
        "start_line": 11,
        "start_column": 4,
        "end_line": 11,
        "end_column": 8
      },
      "definition_type": "FunctionDefinition"
    },
    {
      "name": "p1",
      "position": {
        "start_line": 12,
        "start_column": 9,
        "end_line": 12,
        "end_column": 11
      },
      "definition_type": "VariableDefinition"
    },
    {
      "name": "p2",
      "position": {
        "start_line": 13,
        "start_column": 9,
        "end_line": 13,
        "end_column": 11
      },
      "definition_type": "VariableDefinition"
    },
    {
      "name": "p3",
      "position": {
        "start_line": 15,
        "start_column": 9,
        "end_line": 15,
        "end_column": 11
      },
      "definition_type": "VariableDefinition"
    },
    {
      "name": "p4",
      "position": {
        "start_line": 20,
        "start_column": 9,
        "end_line": 20,
        "end_column": 11
      },
      "definition_type": "VariableDefinition"
    },
    {
      "name": "p5",
      "position": {
        "start_line": 21,
        "start_column": 13,
        "end_line": 21,
        "end_column": 15
      },
      "definition_type": "VariableDefinition"
    },
    {
      "name": "p6",
      "position": {
        "start_line": 22,
        "start_column": 13,
        "end_line": 22,
        "end_column": 15
      },
      "definition_type": "VariableDefinition"
    },
    {
      "name": "x",
      "position": {
        "start_line": 26,
        "start_column": 9,
        "end_line": 26,
        "end_column": 10
      },
      "definition_type": "VariableDefinition"
    },
    {
      "name": "y",
      "position": {
        "start_line": 27,
        "start_column": 9,
        "end_line": 27,
        "end_column": 10
      },
      "definition_type": "VariableDefinition"
    },
    {
      "name": "z",
      "position": {
        "start_line": 28,
        "start_column": 9,
        "end_line": 28,
        "end_column": 10
      },
      "definition_type": "VariableDefinition"
    }
  ],
  "dependencies": [
    {
      "source_line": 7,
      "target_line": 6,
      "symbol": "a",
      "dependency_type": "VariableUse",
      "context": "variable_use"
    },
    {
      "source_line": 7,
      "target_line": 6,
      "symbol": "b",
      "dependency_type": "VariableUse",
      "context": "variable_use"
    },
    {
      "source_line": 8,
      "target_line": 7,
      "symbol": "result",
      "dependency_type": "VariableUse",
      "context": "variable_use"
    },
    {
      "source_line": 12,
      "target_line": 1,
      "symbol": "Point",
      "dependency_type": "TypeReference",
      "context": "type_reference"
    },
    {
      "source_line": 13,
      "target_line": 1,
      "symbol": "Point",
      "dependency_type": "TypeReference",
      "context": "type_reference"
    },
    {
      "source_line": 15,
      "target_line": 1,
      "symbol": "Point",
      "dependency_type": "TypeReference",
      "context": "type_reference"
    },
    {
      "source_line": 16,
      "target_line": 6,
      "symbol": "add",
      "dependency_type": "VariableUse",
      "context": "variable_use"
    },
    {
      "source_line": 16,
      "target_line": 2,
      "symbol": "x",
      "dependency_type": "StructFieldAccess",
      "context": "field_access"
    },
    {
      "source_line": 16,
      "target_line": 12,
      "symbol": "p1",
      "dependency_type": "VariableUse",
      "context": "variable_use"
    },
    {
      "source_line": 16,
      "target_line": 2,
      "symbol": "x",
      "dependency_type": "StructFieldAccess",
      "context": "field_access"
    },
    {
      "source_line": 16,
      "target_line": 13,
      "symbol": "p2",
      "dependency_type": "VariableUse",
      "context": "variable_use"
    },
    {
      "source_line": 17,
      "target_line": 6,
      "symbol": "add",
      "dependency_type": "VariableUse",
      "context": "variable_use"
    },
    {
      "source_line": 17,
      "target_line": 3,
      "symbol": "y",
      "dependency_type": "StructFieldAccess",
      "context": "field_access"
    },
    {
      "source_line": 17,
      "target_line": 12,
      "symbol": "p1",
      "dependency_type": "VariableUse",
      "context": "variable_use"
    },
    {
      "source_line": 17,
      "target_line": 3,
      "symbol": "y",
      "dependency_type": "StructFieldAccess",
      "context": "field_access"
    },
    {
      "source_line": 17,
      "target_line": 13,
      "symbol": "p2",
      "dependency_type": "VariableUse",
      "context": "variable_use"
    },
    {
      "source_line": 21,
      "target_line": 1,
      "symbol": "Point",
      "dependency_type": "TypeReference",
      "context": "type_reference"
    },
    {
      "source_line": 22,
      "target_line": 21,
      "symbol": "p5",
      "dependency_type": "VariableUse",
      "context": "variable_use"
    },
    {
      "source_line": 23,
      "target_line": 22,
      "symbol": "p6",
      "dependency_type": "VariableUse",
      "context": "variable_use"
    },
    {
      "source_line": 27,
      "target_line": 2,
      "symbol": "x",
      "dependency_type": "VariableUse",
      "context": "variable_use"
    },
    {
      "source_line": 28,
      "target_line": 3,
      "symbol": "y",
      "dependency_type": "VariableUse",
      "context": "variable_use"
    },
    {
      "source_line": 28,
      "target_line": 2,
      "symbol": "x",
      "dependency_type": "VariableUse",
      "context": "variable_use"
    },
    {
      "source_line": 30,
      "target_line": 15,
      "symbol": "p3",
      "dependency_type": "VariableUse",
      "context": "variable_use"
    },
    {
      "source_line": 31,
      "target_line": 20,
      "symbol": "p4",
      "dependency_type": "VariableUse",
      "context": "variable_use"
    }
  ],
  "usage": [
    {
      "name": "a",
      "kind": "Identifier",
      "position": {
        "start_line": 7,
        "start_column": 18,
        "end_line": 7,
        "end_column": 19
      }
    },
    {
      "name": "b",
      "kind": "Identifier",
      "position": {
        "start_line": 7,
        "start_column": 22,
        "end_line": 7,
        "end_column": 23
      }
    },
    {
      "name": "result",
      "kind": "Identifier",
      "position": {
        "start_line": 8,
        "start_column": 5,
        "end_line": 8,
        "end_column": 11
      }
    },
    {
      "name": "Point { x: 1, y: 2 }",
      "kind": "StructExpression",
      "position": {
        "start_line": 12,
        "start_column": 14,
        "end_line": 12,
        "end_column": 34
      }
    },
    {
      "name": "Point",
      "kind": "TypeIdentifier",
      "position": {
        "start_line": 12,
        "start_column": 14,
        "end_line": 12,
        "end_column": 19
      }
    },
    {
      "name": "Point { x: 3, y: 4 }",
      "kind": "StructExpression",
      "position": {
        "start_line": 13,
        "start_column": 14,
        "end_line": 13,
        "end_column": 34
      }
    },
    {
      "name": "Point",
      "kind": "TypeIdentifier",
      "position": {
        "start_line": 13,
        "start_column": 14,
        "end_line": 13,
        "end_column": 19
      }
    },
    {
      "name": "Point {\n        x: add(p1.x, p2.x),\n        y: add(p1.y, p2.y),\n    }",
      "kind": "StructExpression",
      "position": {
        "start_line": 15,
        "start_column": 14,
        "end_line": 18,
        "end_column": 6
      }
    },
    {
      "name": "Point",
      "kind": "TypeIdentifier",
      "position": {
        "start_line": 15,
        "start_column": 14,
        "end_line": 15,
        "end_column": 19
      }
    },
    {
      "name": "add(p1.x, p2.x)",
      "kind": "CallExpression",
      "position": {
        "start_line": 16,
        "start_column": 12,
        "end_line": 16,
        "end_column": 27
      }
    },
    {
      "name": "add",
      "kind": "Identifier",
      "position": {
        "start_line": 16,
        "start_column": 12,
        "end_line": 16,
        "end_column": 15
      }
    },
    {
      "name": "p1.x",
      "kind": "FieldExpression",
      "position": {
        "start_line": 16,
        "start_column": 16,
        "end_line": 16,
        "end_column": 20
      }
    },
    {
      "name": "p1",
      "kind": "Identifier",
      "position": {
        "start_line": 16,
        "start_column": 16,
        "end_line": 16,
        "end_column": 18
      }
    },
    {
      "name": "p2.x",
      "kind": "FieldExpression",
      "position": {
        "start_line": 16,
        "start_column": 22,
        "end_line": 16,
        "end_column": 26
      }
    },
    {
      "name": "p2",
      "kind": "Identifier",
      "position": {
        "start_line": 16,
        "start_column": 22,
        "end_line": 16,
        "end_column": 24
      }
    },
    {
      "name": "add(p1.y, p2.y)",
      "kind": "CallExpression",
      "position": {
        "start_line": 17,
        "start_column": 12,
        "end_line": 17,
        "end_column": 27
      }
    },
    {
      "name": "add",
      "kind": "Identifier",
      "position": {
        "start_line": 17,
        "start_column": 12,
        "end_line": 17,
        "end_column": 15
      }
    },
    {
      "name": "p1.y",
      "kind": "FieldExpression",
      "position": {
        "start_line": 17,
        "start_column": 16,
        "end_line": 17,
        "end_column": 20
      }
    },
    {
      "name": "p1",
      "kind": "Identifier",
      "position": {
        "start_line": 17,
        "start_column": 16,
        "end_line": 17,
        "end_column": 18
      }
    },
    {
      "name": "p2.y",
      "kind": "FieldExpression",
      "position": {
        "start_line": 17,
        "start_column": 22,
        "end_line": 17,
        "end_column": 26
      }
    },
    {
      "name": "p2",
      "kind": "Identifier",
      "position": {
        "start_line": 17,
        "start_column": 22,
        "end_line": 17,
        "end_column": 24
      }
    },
    {
      "name": "Point { x: 5, y: 6 }",
      "kind": "StructExpression",
      "position": {
        "start_line": 21,
        "start_column": 18,
        "end_line": 21,
        "end_column": 38
      }
    },
    {
      "name": "Point",
      "kind": "TypeIdentifier",
      "position": {
        "start_line": 21,
        "start_column": 18,
        "end_line": 21,
        "end_column": 23
      }
    },
    {
      "name": "p5",
      "kind": "Identifier",
      "position": {
        "start_line": 22,
        "start_column": 18,
        "end_line": 22,
        "end_column": 20
      }
    },
    {
      "name": "p6",
      "kind": "Identifier",
      "position": {
        "start_line": 23,
        "start_column": 9,
        "end_line": 23,
        "end_column": 11
      }
    },
    {
      "name": "x",
      "kind": "Identifier",
      "position": {
        "start_line": 27,
        "start_column": 13,
        "end_line": 27,
        "end_column": 14
      }
    },
    {
      "name": "y",
      "kind": "Identifier",
      "position": {
        "start_line": 28,
        "start_column": 13,
        "end_line": 28,
        "end_column": 14
      }
    },
    {
      "name": "x",
      "kind": "Identifier",
      "position": {
        "start_line": 28,
        "start_column": 17,
        "end_line": 28,
        "end_column": 18
      }
    },
    {
      "name": "println",
      "kind": "Identifier",
      "position": {
        "start_line": 30,
        "start_column": 5,
        "end_line": 30,
        "end_column": 12
      }
    },
    {
      "name": "p3",
      "kind": "Identifier",
      "position": {
        "start_line": 30,
        "start_column": 22,
        "end_line": 30,
        "end_column": 24
      }
    },
    {
      "name": "println",
      "kind": "Identifier",
      "position": {
        "start_line": 31,
        "start_column": 5,
        "end_line": 31,
        "end_column": 12
      }
    },
    {
      "name": "p4",
      "kind": "Identifier",
      "position": {
        "start_line": 31,
        "start_column": 22,
        "end_line": 31,
        "end_column": 24
      }
    }
  ],
  "analysis_metadata": {
    "language": "Rust",
    "total_lines": 32,
    "analysis_timestamp": "now",
    "lintric_version": "0.1.0"
  }
}
