---
source: crates/core/tests/integration/language/rust/dependency_resolver/rust_integration_tests.rs
expression: ir_snapshot_content
---
Source Code:
struct Calculator {
    value: i32,
}

impl Calculator {
    fn new() -> Self {
        Calculator { value: 0 }
    }
    
    fn add(&mut self, n: i32) {
        self.value += n;
    }
    
    fn get_value(&self) -> i32 {
        self.value
    }
}

trait Display {
    fn display(&self) -> String;
}

impl Display for Calculator {
    fn display(&self) -> String {
        format!("Calculator({})", self.value)
    }
}

fn main() {
    let mut calc = Calculator::new();
    calc.add(5);
    println!("{}", calc.get_value());
    println!("{}", calc.display());
}

AST:
(source_file
  (struct_item
    name: (type_identifier "Calculator")
    body: (field_declaration_list
      (field_declaration
        name: (field_identifier "value")
        type: (primitive_type "i32")
      )
    )
  )
  (impl_item
    type: (type_identifier "Calculator")
    body: (declaration_list
      (function_item
        name: (identifier "new")
        parameters: (parameters)
        return_type: (type_identifier "Self")
        body: (block
          (struct_expression
            name: (type_identifier "Calculator")
            body: (field_initializer_list
              (field_initializer
                field: (field_identifier "value")
                value: (integer_literal "0")
              )
            )
          )
        )
      )
      (function_item
        name: (identifier "add")
        parameters: (parameters
          (self_parameter
            (mutable_specifier)
            (self "self")
          )
          (parameter
            pattern: (identifier "n")
            type: (primitive_type "i32")
          )
        )
        body: (block
          (expression_statement
            (compound_assignment_expr
              left: (field_expression
                value: (self "self")
                field: (field_identifier "value")
              )
              right: (identifier "n")
            )
          )
        )
      )
      (function_item
        name: (identifier "get_value")
        parameters: (parameters
          (self_parameter
            (self "self")
          )
        )
        return_type: (primitive_type "i32")
        body: (block
          (field_expression
            value: (self "self")
            field: (field_identifier "value")
          )
        )
      )
    )
  )
  (trait_item
    name: (type_identifier "Display")
    body: (declaration_list
      (function_signature_item
        name: (identifier "display")
        parameters: (parameters
          (self_parameter
            (self "self")
          )
        )
        return_type: (type_identifier "String")
      )
    )
  )
  (impl_item
    trait: (type_identifier "Display")
    type: (type_identifier "Calculator")
    body: (declaration_list
      (function_item
        name: (identifier "display")
        parameters: (parameters
          (self_parameter
            (self "self")
          )
        )
        return_type: (type_identifier "String")
        body: (block
          (macro_invocation
            macro: (identifier "format")
            (token_tree
              (string_literal ""Calculator({})""
                (string_content)
              )
              (self "self")
              (identifier "value")
            )
          )
        )
      )
    )
  )
  (function_item
    name: (identifier "main")
    parameters: (parameters)
    body: (block
      (let_declaration
        (mutable_specifier)
        pattern: (identifier "calc")
        value: (call_expression
          function: (scoped_identifier "Calculator::new"
            path: (identifier "Calculator")
            name: (identifier "new")
          )
          arguments: (arguments)
        )
      )
      (expression_statement
        (call_expression
          function: (field_expression
            value: (identifier "calc")
            field: (field_identifier "add")
          )
          arguments: (arguments
            (integer_literal "5")
          )
        )
      )
      (expression_statement
        (macro_invocation
          macro: (identifier "println")
          (token_tree
            (string_literal ""{}""
              (string_content)
            )
            (identifier "calc")
            (identifier "get_value")
            (token_tree)
          )
        )
      )
      (expression_statement
        (macro_invocation
          macro: (identifier "println")
          (token_tree
            (string_literal ""{}""
              (string_content)
            )
            (identifier "calc")
            (identifier "display")
            (token_tree)
          )
        )
      )
    )
  )
)

IR:
IntermediateRepresentation {
    file_path: "tests/integration/language/rust/dependency_resolver/fixtures/method_resolution.rs",
    definitions: [
        Definition {
            name: "Calculator",
            position: Position {
                start_line: 1,
                start_column: 8,
                end_line: 1,
                end_column: 18,
            },
            definition_type: StructDefinition,
        },
        Definition {
            name: "value",
            position: Position {
                start_line: 2,
                start_column: 5,
                end_line: 2,
                end_column: 10,
            },
            definition_type: StructFieldDefinition,
        },
        Definition {
            name: "new",
            position: Position {
                start_line: 6,
                start_column: 8,
                end_line: 6,
                end_column: 11,
            },
            definition_type: MethodDefinition,
        },
        Definition {
            name: "add",
            position: Position {
                start_line: 10,
                start_column: 8,
                end_line: 10,
                end_column: 11,
            },
            definition_type: MethodDefinition,
        },
        Definition {
            name: "n",
            position: Position {
                start_line: 10,
                start_column: 23,
                end_line: 10,
                end_column: 24,
            },
            definition_type: VariableDefinition,
        },
        Definition {
            name: "get_value",
            position: Position {
                start_line: 14,
                start_column: 8,
                end_line: 14,
                end_column: 17,
            },
            definition_type: MethodDefinition,
        },
        Definition {
            name: "new",
            position: Position {
                start_line: 6,
                start_column: 8,
                end_line: 6,
                end_column: 11,
            },
            definition_type: FunctionDefinition,
        },
        Definition {
            name: "add",
            position: Position {
                start_line: 10,
                start_column: 8,
                end_line: 10,
                end_column: 11,
            },
            definition_type: FunctionDefinition,
        },
        Definition {
            name: "n",
            position: Position {
                start_line: 10,
                start_column: 23,
                end_line: 10,
                end_column: 24,
            },
            definition_type: VariableDefinition,
        },
        Definition {
            name: "get_value",
            position: Position {
                start_line: 14,
                start_column: 8,
                end_line: 14,
                end_column: 17,
            },
            definition_type: FunctionDefinition,
        },
        Definition {
            name: "Display",
            position: Position {
                start_line: 19,
                start_column: 7,
                end_line: 19,
                end_column: 14,
            },
            definition_type: TypeDefinition,
        },
        Definition {
            name: "display",
            position: Position {
                start_line: 20,
                start_column: 8,
                end_line: 20,
                end_column: 15,
            },
            definition_type: FunctionDefinition,
        },
        Definition {
            name: "display",
            position: Position {
                start_line: 24,
                start_column: 8,
                end_line: 24,
                end_column: 15,
            },
            definition_type: MethodDefinition,
        },
        Definition {
            name: "display",
            position: Position {
                start_line: 24,
                start_column: 8,
                end_line: 24,
                end_column: 15,
            },
            definition_type: FunctionDefinition,
        },
        Definition {
            name: "main",
            position: Position {
                start_line: 29,
                start_column: 4,
                end_line: 29,
                end_column: 8,
            },
            definition_type: FunctionDefinition,
        },
        Definition {
            name: "calc",
            position: Position {
                start_line: 30,
                start_column: 13,
                end_line: 30,
                end_column: 17,
            },
            definition_type: VariableDefinition,
        },
    ],
    dependencies: [
        Dependency {
            source_line: 5,
            target_line: 1,
            symbol: "Calculator",
            dependency_type: TypeReference,
            context: Some(
                "TypeIdentifier:5:6",
            ),
        },
        Dependency {
            source_line: 7,
            target_line: 1,
            symbol: "Calculator",
            dependency_type: TypeReference,
            context: Some(
                "TypeIdentifier:7:9",
            ),
        },
        Dependency {
            source_line: 11,
            target_line: 2,
            symbol: "value",
            dependency_type: StructFieldAccess,
            context: Some(
                "FieldExpression:11:9",
            ),
        },
        Dependency {
            source_line: 11,
            target_line: 10,
            symbol: "n",
            dependency_type: VariableUse,
            context: Some(
                "Identifier:11:23",
            ),
        },
        Dependency {
            source_line: 15,
            target_line: 2,
            symbol: "value",
            dependency_type: StructFieldAccess,
            context: Some(
                "FieldExpression:15:9",
            ),
        },
        Dependency {
            source_line: 23,
            target_line: 19,
            symbol: "Display",
            dependency_type: TypeReference,
            context: Some(
                "TypeIdentifier:23:6",
            ),
        },
        Dependency {
            source_line: 23,
            target_line: 1,
            symbol: "Calculator",
            dependency_type: TypeReference,
            context: Some(
                "TypeIdentifier:23:18",
            ),
        },
        Dependency {
            source_line: 25,
            target_line: 2,
            symbol: "value",
            dependency_type: StructFieldAccess,
            context: Some(
                "FieldExpression:25:40",
            ),
        },
        Dependency {
            source_line: 30,
            target_line: 1,
            symbol: "Calculator",
            dependency_type: VariableUse,
            context: Some(
                "Identifier:30:20",
            ),
        },
        Dependency {
            source_line: 30,
            target_line: 6,
            symbol: "new",
            dependency_type: VariableUse,
            context: Some(
                "Identifier:30:32",
            ),
        },
        Dependency {
            source_line: 31,
            target_line: 10,
            symbol: "add",
            dependency_type: StructFieldAccess,
            context: Some(
                "FieldExpression:31:5",
            ),
        },
        Dependency {
            source_line: 31,
            target_line: 30,
            symbol: "calc",
            dependency_type: VariableUse,
            context: Some(
                "Identifier:31:5",
            ),
        },
        Dependency {
            source_line: 32,
            target_line: 30,
            symbol: "calc",
            dependency_type: VariableUse,
            context: Some(
                "Identifier:32:20",
            ),
        },
        Dependency {
            source_line: 32,
            target_line: 14,
            symbol: "get_value",
            dependency_type: StructFieldAccess,
            context: Some(
                "FieldExpression:32:25",
            ),
        },
        Dependency {
            source_line: 33,
            target_line: 30,
            symbol: "calc",
            dependency_type: VariableUse,
            context: Some(
                "Identifier:33:20",
            ),
        },
        Dependency {
            source_line: 33,
            target_line: 24,
            symbol: "display",
            dependency_type: StructFieldAccess,
            context: Some(
                "FieldExpression:33:25",
            ),
        },
    ],
    usage: [
        Usage {
            name: "Calculator",
            kind: TypeIdentifier,
            position: Position {
                start_line: 5,
                start_column: 6,
                end_line: 5,
                end_column: 16,
            },
            context: None,
        },
        Usage {
            name: "Self",
            kind: TypeIdentifier,
            position: Position {
                start_line: 6,
                start_column: 17,
                end_line: 6,
                end_column: 21,
            },
            context: None,
        },
        Usage {
            name: "Calculator { value: 0 }",
            kind: StructExpression,
            position: Position {
                start_line: 7,
                start_column: 9,
                end_line: 7,
                end_column: 32,
            },
            context: None,
        },
        Usage {
            name: "Calculator",
            kind: TypeIdentifier,
            position: Position {
                start_line: 7,
                start_column: 9,
                end_line: 7,
                end_column: 19,
            },
            context: None,
        },
        Usage {
            name: "value",
            kind: FieldExpression,
            position: Position {
                start_line: 11,
                start_column: 9,
                end_line: 11,
                end_column: 19,
            },
            context: Some(
                "field_expression",
            ),
        },
        Usage {
            name: "n",
            kind: Identifier,
            position: Position {
                start_line: 11,
                start_column: 23,
                end_line: 11,
                end_column: 24,
            },
            context: None,
        },
        Usage {
            name: "value",
            kind: FieldExpression,
            position: Position {
                start_line: 15,
                start_column: 9,
                end_line: 15,
                end_column: 19,
            },
            context: Some(
                "field_expression",
            ),
        },
        Usage {
            name: "display",
            kind: Identifier,
            position: Position {
                start_line: 20,
                start_column: 8,
                end_line: 20,
                end_column: 15,
            },
            context: None,
        },
        Usage {
            name: "String",
            kind: TypeIdentifier,
            position: Position {
                start_line: 20,
                start_column: 26,
                end_line: 20,
                end_column: 32,
            },
            context: None,
        },
        Usage {
            name: "Display",
            kind: TypeIdentifier,
            position: Position {
                start_line: 23,
                start_column: 6,
                end_line: 23,
                end_column: 13,
            },
            context: None,
        },
        Usage {
            name: "Calculator",
            kind: TypeIdentifier,
            position: Position {
                start_line: 23,
                start_column: 18,
                end_line: 23,
                end_column: 28,
            },
            context: None,
        },
        Usage {
            name: "String",
            kind: TypeIdentifier,
            position: Position {
                start_line: 24,
                start_column: 26,
                end_line: 24,
                end_column: 32,
            },
            context: None,
        },
        Usage {
            name: "format",
            kind: Identifier,
            position: Position {
                start_line: 25,
                start_column: 9,
                end_line: 25,
                end_column: 15,
            },
            context: None,
        },
        Usage {
            name: "value",
            kind: FieldExpression,
            position: Position {
                start_line: 25,
                start_column: 40,
                end_line: 25,
                end_column: 45,
            },
            context: None,
        },
        Usage {
            name: "Calculator::new",
            kind: CallExpression,
            position: Position {
                start_line: 30,
                start_column: 20,
                end_line: 30,
                end_column: 37,
            },
            context: Some(
                "call_expression",
            ),
        },
        Usage {
            name: "Calculator",
            kind: Identifier,
            position: Position {
                start_line: 30,
                start_column: 20,
                end_line: 30,
                end_column: 30,
            },
            context: Some(
                "scoped_identifier",
            ),
        },
        Usage {
            name: "new",
            kind: Identifier,
            position: Position {
                start_line: 30,
                start_column: 32,
                end_line: 30,
                end_column: 35,
            },
            context: Some(
                "scoped_identifier",
            ),
        },
        Usage {
            name: "calc.add",
            kind: CallExpression,
            position: Position {
                start_line: 31,
                start_column: 5,
                end_line: 31,
                end_column: 16,
            },
            context: Some(
                "call_expression",
            ),
        },
        Usage {
            name: "add",
            kind: FieldExpression,
            position: Position {
                start_line: 31,
                start_column: 5,
                end_line: 31,
                end_column: 13,
            },
            context: Some(
                "field_expression",
            ),
        },
        Usage {
            name: "calc",
            kind: Identifier,
            position: Position {
                start_line: 31,
                start_column: 5,
                end_line: 31,
                end_column: 9,
            },
            context: Some(
                "field_expression",
            ),
        },
        Usage {
            name: "println",
            kind: Identifier,
            position: Position {
                start_line: 32,
                start_column: 5,
                end_line: 32,
                end_column: 12,
            },
            context: None,
        },
        Usage {
            name: "calc",
            kind: Identifier,
            position: Position {
                start_line: 32,
                start_column: 20,
                end_line: 32,
                end_column: 24,
            },
            context: None,
        },
        Usage {
            name: "get_value",
            kind: FieldExpression,
            position: Position {
                start_line: 32,
                start_column: 25,
                end_line: 32,
                end_column: 34,
            },
            context: None,
        },
        Usage {
            name: "println",
            kind: Identifier,
            position: Position {
                start_line: 33,
                start_column: 5,
                end_line: 33,
                end_column: 12,
            },
            context: None,
        },
        Usage {
            name: "calc",
            kind: Identifier,
            position: Position {
                start_line: 33,
                start_column: 20,
                end_line: 33,
                end_column: 24,
            },
            context: None,
        },
        Usage {
            name: "display",
            kind: FieldExpression,
            position: Position {
                start_line: 33,
                start_column: 25,
                end_line: 33,
                end_column: 32,
            },
            context: None,
        },
    ],
    analysis_metadata: AnalysisMetadata {
        language: "Rust",
        total_lines: 34,
        analysis_timestamp: "now",
        lintric_version: "0.1.0",
    },
}
