---
source: generated-tests/tests/typescript.rs
expression: snapshot_content
---
Source Code:
const value22: string = 'test';

AST:
(program
  (lexical_declaration
    (variable_declarator
      (identifier value22)
      (type_annotation
        (predefined_type)
      )
      (string
        (string_fragment)
      )
    )
  )
)

IR:
IntermediateRepresentation {
    file_path: "<memory>",
    definitions: [
        Definition {
            name: "value22",
            line_number: 1,
            definition_type: VariableDefinition,
            scope: None,
        },
    ],
    dependencies: [],
    usage: [
        SerializableUsage {
            name: "value22",
            kind: Identifier,
            scope: None,
            start_line: 1,
            start_column: 7,
            end_line: 1,
            end_column: 14,
        },
    ],
    analysis_metadata: AnalysisMetadata {
        language: "TypeScript",
        total_lines: 1,
        analysis_timestamp: "now",
        lintric_version: "0.1.0",
    },
}
