---
source: generated-tests/tests/typescript.rs
expression: snapshot_content
---
Source Code:
var variable1 = source2;

AST:
(program
  (variable_declaration
    (variable_declarator
      name: (identifier "variable1")
      value: (identifier "source2")
    )
  )
)

IR:
IntermediateRepresentation {
    file_path: "<memory>",
    definitions: [
        Definition {
            name: "variable1",
            position: Position {
                start_line: 1,
                start_column: 5,
                end_line: 1,
                end_column: 14,
            },
            definition_type: VariableDefinition,
        },
    ],
    dependencies: [],
    usage: [
        Usage {
            name: "source2",
            kind: Identifier,
            position: Position {
                start_line: 1,
                start_column: 17,
                end_line: 1,
                end_column: 24,
            },
        },
    ],
    analysis_metadata: AnalysisMetadata {
        language: "TypeScript",
        total_lines: 1,
        analysis_timestamp: "now",
        lintric_version: "0.1.0",
    },
}
