---
source: generated-tests/tests/typescript.rs
expression: snapshot_content
---
Source Code:
const fn: (x: number) => string = (x) => x.toString();

AST:
(program
  (lexical_declaration
    (variable_declarator
      (identifier fn)
      (type_annotation
        (function_type
          (formal_parameters
            (required_parameter
              (identifier x)
              (type_annotation
                (predefined_type)
              )
            )
          )
          (predefined_type)
        )
      )
      (arrow_function
        (formal_parameters
          (required_parameter
            (identifier x)
          )
        )
        (call_expression
          (member_expression
            (identifier x)
            (property_identifier)
          )
          (arguments)
        )
      )
    )
  )
)

IR:
IntermediateRepresentation {
    file_path: "<memory>",
    definitions: [
        Definition {
            name: "fn",
            position: Position {
                start_line: 1,
                start_column: 7,
                end_line: 1,
                end_column: 9,
            },
            definition_type: VariableDefinition,
        },
        Definition {
            name: "x",
            position: Position {
                start_line: 1,
                start_column: 36,
                end_line: 1,
                end_column: 37,
            },
            definition_type: VariableDefinition,
        },
    ],
    dependencies: [],
    usage: [
        Usage {
            name: "x.toString()",
            kind: CallExpression,
            position: Position {
                start_line: 1,
                start_column: 42,
                end_line: 1,
                end_column: 54,
            },
        },
        Usage {
            name: "x",
            kind: Identifier,
            position: Position {
                start_line: 1,
                start_column: 42,
                end_line: 1,
                end_column: 43,
            },
        },
        Usage {
            name: "toString",
            kind: FieldExpression,
            position: Position {
                start_line: 1,
                start_column: 44,
                end_line: 1,
                end_column: 52,
            },
        },
    ],
    analysis_metadata: AnalysisMetadata {
        language: "TypeScript",
        total_lines: 1,
        analysis_timestamp: "now",
        lintric_version: "0.1.0",
    },
}
