---
source: generated-tests/tests/typescript.rs
expression: snapshot_content
---
Source Code:
const value31: string | number = 'test';

AST:
(program
  (lexical_declaration
    (variable_declarator
      (identifier value31)
      (type_annotation
        (union_type
          (predefined_type)
          (predefined_type)
        )
      )
      (string
        (string_fragment)
      )
    )
  )
)

IR:
IntermediateRepresentation {
    file_path: "<memory>",
    definitions: [
        Definition {
            name: "value31",
            line_number: 1,
            definition_type: VariableDefinition,
            scope: None,
        },
    ],
    dependencies: [],
    analysis_metadata: AnalysisMetadata {
        language: "TypeScript",
        total_lines: 1,
        analysis_timestamp: "now",
        lintric_version: "0.1.0",
    },
}
