---
source: generated-tests/tests/typescript.rs
expression: snapshot_content
---
Source Code:
var + 1

AST:
(program
  (ERROR)
  (expression_statement
    (unary_expression
      (number)
    )
  )
)

IR:
IntermediateRepresentation {
    file_path: "<memory>",
    definitions: [],
    dependencies: [],
    analysis_metadata: AnalysisMetadata {
        language: "TypeScript",
        total_lines: 1,
        analysis_timestamp: "now",
        lintric_version: "0.1.0",
    },
}
