---
source: core/tests/typescript/mod.rs
assertion_line: 30
expression: "serde_json::to_string_pretty(&result).unwrap()"
---
{
  "file_path": "tests/typescript/fixtures/class_method_dependency.ts",
  "line_metrics": [
    {
      "line_number": 6,
      "total_dependencies": 2,
      "dependency_distance_cost": 0.3333333333333333,
      "depth": 1,
      "transitive_dependencies": 1,
      "dependent_lines": [
        5,
        5
      ]
    }
  ],
  "overall_complexity_score": 3.2333333333333334
}
