---
source: core/tests/typescript/mod.rs
assertion_line: 60
expression: "serde_json::to_string_pretty(&result).unwrap()"
---
{
  "file_path": "tests/typescript/fixtures/function_parameter_dependency.ts",
  "line_metrics": [
    {
      "line_number": 2,
      "total_dependencies": 2,
      "dependency_distance_cost": 0.6666666666666666,
      "depth": 1,
      "transitive_dependencies": 1,
      "dependent_lines": [
        1,
        1
      ]
    }
  ],
  "overall_complexity_score": 3.266666666666667
}
