---
source: core/tests/typescript/mod.rs
expression: "serde_json::to_string_pretty(&ir).unwrap()"
---
{
  "file_path": "tests/typescript/fixtures/basic_typescript_code.ts",
  "definitions": [
    {
      "name": "x",
      "line_number": 1,
      "definition_type": "VariableDefinition",
      "scope": null
    },
    {
      "name": "y",
      "line_number": 2,
      "definition_type": "VariableDefinition",
      "scope": null
    },
    {
      "name": "foo",
      "line_number": 3,
      "definition_type": "FunctionDefinition",
      "scope": "foo"
    }
  ],
  "dependencies": [
    {
      "source_line": 2,
      "target_line": 1,
      "symbol": "x",
      "dependency_type": "VariableUse",
      "context": "binary_expression"
    },
    {
      "source_line": 4,
      "target_line": 2,
      "symbol": "y",
      "dependency_type": "VariableUse",
      "context": "return_statement"
    }
  ],
  "usage": [
    {
      "name": "x",
      "kind": "Identifier",
      "scope": null,
      "start_line": 1,
      "start_column": 7,
      "end_line": 1,
      "end_column": 8
    },
    {
      "name": "y",
      "kind": "Identifier",
      "scope": null,
      "start_line": 2,
      "start_column": 5,
      "end_line": 2,
      "end_column": 6
    },
    {
      "name": "x",
      "kind": "Identifier",
      "scope": null,
      "start_line": 2,
      "start_column": 9,
      "end_line": 2,
      "end_column": 10
    },
    {
      "name": "foo",
      "kind": "Identifier",
      "scope": "foo",
      "start_line": 3,
      "start_column": 10,
      "end_line": 3,
      "end_column": 13
    },
    {
      "name": "y",
      "kind": "Identifier",
      "scope": "foo",
      "start_line": 4,
      "start_column": 12,
      "end_line": 4,
      "end_column": 13
    }
  ],
  "analysis_metadata": {
    "language": "TypeScript",
    "total_lines": 5,
    "analysis_timestamp": "now",
    "lintric_version": "0.1.0"
  }
}
