---
source: core/tests/rust/mod.rs
expression: "serde_json::to_string_pretty(&ir).unwrap()"
---
{
  "file_path": "tests/rust/fixtures/basic_rust_code.rs",
  "definitions": [
    {
      "name": "a",
      "position": {
        "start_line": 1,
        "start_column": 5,
        "end_line": 1,
        "end_column": 6
      },
      "definition_type": "VariableDefinition"
    },
    {
      "name": "b",
      "position": {
        "start_line": 2,
        "start_column": 5,
        "end_line": 2,
        "end_column": 6
      },
      "definition_type": "VariableDefinition"
    }
  ],
  "dependencies": [
    {
      "source_line": 2,
      "target_line": 1,
      "symbol": "a",
      "dependency_type": "VariableUse",
      "context": "variable_use"
    }
  ],
  "usage": [
    {
      "name": "a",
      "kind": "Identifier",
      "position": {
        "start_line": 2,
        "start_column": 9,
        "end_line": 2,
        "end_column": 10
      }
    }
  ],
  "analysis_metadata": {
    "language": "Rust",
    "total_lines": 2,
    "analysis_timestamp": "now",
    "lintric_version": "0.1.0"
  }
}
