---
source: core/tests/rust/mod.rs
assertion_line: 28
expression: "serde_json::to_string_pretty(&result).unwrap()"
---
{
  "file_path": "tests/rust/fixtures/function_call_dependency.rs",
  "line_metrics": [
    {
      "line_number": 2,
      "total_dependencies": 2,
      "dependency_distance_cost": 0.3333333333333333,
      "depth": 1,
      "transitive_dependencies": 1,
      "dependent_lines": [
        1,
        1
      ]
    }
  ],
  "overall_complexity_score": 3.2333333333333334
}
