---
source: core/tests/rust/mod.rs
expression: "serde_json::to_string_pretty(&ir).unwrap()"
---
{
  "file_path": "tests/rust/fixtures/method_call_dependency.rs",
  "definitions": [
    {
      "name": "MyStruct",
      "line_number": 1,
      "definition_type": "StructDefinition",
      "scope": "MyStruct"
    },
    {
      "name": "my_method",
      "line_number": 6,
      "definition_type": "FunctionDefinition",
      "scope": "MyStruct.my_method"
    },
    {
      "name": "main",
      "line_number": 11,
      "definition_type": "FunctionDefinition",
      "scope": "main"
    },
    {
      "name": "s",
      "line_number": 12,
      "definition_type": "VariableDefinition",
      "scope": "main"
    }
  ],
  "dependencies": [
    {
      "source_line": 13,
      "target_line": 6,
      "symbol": "my_method",
      "dependency_type": "FunctionCall",
      "context": "call_expression"
    },
    {
      "source_line": 13,
      "target_line": 12,
      "symbol": "s",
      "dependency_type": "VariableUse",
      "context": "field_expression"
    }
  ],
  "analysis_metadata": {
    "language": "Rust",
    "total_lines": 14,
    "analysis_timestamp": "now",
    "lintric_version": "0.1.0"
  }
}
